Collecting open3d>=0.17.0 (from -r /mnt/c/Personal/My_DEGREE's/Master_of_Computing_(Advanced)/Australian_National_University/Technical Team Project - COMP8715/PhenoFusion3D/generated/research_lab_candidate_20261007/linux_check/test_requirements.txt (line 1))
  Downloading open3d-0.20.0-cp312-cp312-manylinux_2_35_x86_64.whl.metadata (4.7 kB)
Collecting opencv-python>=4.8.0 (from -r /mnt/c/Personal/My_DEGREE's/Master_of_Computing_(Advanced)/Australian_National_University/Technical Team Project - COMP8715/PhenoFusion3D/generated/research_lab_candidate_20261007/linux_check/test_requirements.txt (line 2))
  Downloading opencv_python-5.0.0.93-cp37-abi3-manylinux_2_28_x86_64.whl.metadata (19 kB)
Collecting numpy>=1.26.0 (from -r /mnt/c/Personal/My_DEGREE's/Master_of_Computing_(Advanced)/Australian_National_University/Technical Team Project - COMP8715/PhenoFusion3D/generated/research_lab_candidate_20261007/linux_check/test_requirements.txt (line 3))
  Downloading numpy-2.5.3-cp312-cp312-manylinux_2_27_x86_64.manylinux_2_28_x86_64.whl.metadata (6.6 kB)
Collecting natsort>=8.4.0 (from -r /mnt/c/Personal/My_DEGREE's/Master_of_Computing_(Advanced)/Australian_National_University/Technical Team Project - COMP8715/PhenoFusion3D/generated/research_lab_candidate_20261007/linux_check/test_requirements.txt (line 4))
  Downloading natsort-8.4.0-py3-none-any.whl.metadata (21 kB)
Collecting tqdm>=4.66.0 (from -r /mnt/c/Personal/My_DEGREE's/Master_of_Computing_(Advanced)/Australian_National_University/Technical Team Project - COMP8715/PhenoFusion3D/generated/research_lab_candidate_20261007/linux_check/test_requirements.txt (line 5))
  Downloading tqdm-4.70.1-py3-none-any.whl.metadata (57 kB)
     ━━━━━━━━━━━━━━━━━━━━━━━━━━━━━━━━━━━━━━━━ 57.4/57.4 kB 1.4 MB/s eta 0:00:00
Collecting PyQt5>=5.15.0 (from -r /mnt/c/Personal/My_DEGREE's/Master_of_Computing_(Advanced)/Australian_National_University/Technical Team Project - COMP8715/PhenoFusion3D/generated/research_lab_candidate_20261007/linux_check/test_requirements.txt (line 6))
  Downloading PyQt5-5.15.11-cp38-abi3-manylinux_2_17_x86_64.whl.metadata (2.1 kB)
Collecting pyqtgraph>=0.13.0 (from -r /mnt/c/Personal/My_DEGREE's/Master_of_Computing_(Advanced)/Australian_National_University/Technical Team Project - COMP8715/PhenoFusion3D/generated/research_lab_candidate_20261007/linux_check/test_requirements.txt (line 7))
  Downloading pyqtgraph-0.14.0-py3-none-any.whl.metadata (1.5 kB)
Collecting matplotlib>=3.8.0 (from -r /mnt/c/Personal/My_DEGREE's/Master_of_Computing_(Advanced)/Australian_National_University/Technical Team Project - COMP8715/PhenoFusion3D/generated/research_lab_candidate_20261007/linux_check/test_requirements.txt (line 8))
  Downloading matplotlib-3.11.2-cp312-cp312-manylinux2014_x86_64.manylinux_2_17_x86_64.whl.metadata (80 kB)
     ━━━━━━━━━━━━━━━━━━━━━━━━━━━━━━━━━━━━━━━━ 80.3/80.3 kB 2.1 MB/s eta 0:00:00
Collecting scipy>=1.10.0 (from -r /mnt/c/Personal/My_DEGREE's/Master_of_Computing_(Advanced)/Australian_National_University/Technical Team Project - COMP8715/PhenoFusion3D/generated/research_lab_candidate_20261007/linux_check/test_requirements.txt (line 9))
  Downloading scipy-1.18.1-cp312-cp312-manylinux_2_27_x86_64.manylinux_2_28_x86_64.whl.metadata (62 kB)
     ━━━━━━━━━━━━━━━━━━━━━━━━━━━━━━━━━━━━━━━━ 62.4/62.4 kB 2.5 MB/s eta 0:00:00
Collecting pytest>=7.4.0 (from -r /mnt/c/Personal/My_DEGREE's/Master_of_Computing_(Advanced)/Australian_National_University/Technical Team Project - COMP8715/PhenoFusion3D/generated/research_lab_candidate_20261007/linux_check/test_requirements.txt (line 10))
  Downloading pytest-9.1.1-py3-none-any.whl.metadata (7.6 kB)
Collecting dash>=2.6.0 (from open3d>=0.17.0->-r /mnt/c/Personal/My_DEGREE's/Master_of_Computing_(Advanced)/Australian_National_University/Technical Team Project - COMP8715/PhenoFusion3D/generated/research_lab_candidate_20261007/linux_check/test_requirements.txt (line 1))
  Downloading dash-4.4.1-py3-none-any.whl.metadata (11 kB)
Collecting werkzeug>=3.0.0 (from open3d>=0.17.0->-r /mnt/c/Personal/My_DEGREE's/Master_of_Computing_(Advanced)/Australian_National_University/Technical Team Project - COMP8715/PhenoFusion3D/generated/research_lab_candidate_20261007/linux_check/test_requirements.txt (line 1))
  Downloading werkzeug-3.1.9-py3-none-any.whl.metadata (4.1 kB)
Collecting flask>=3.0.0 (from open3d>=0.17.0->-r /mnt/c/Personal/My_DEGREE's/Master_of_Computing_(Advanced)/Australian_National_University/Technical Team Project - COMP8715/PhenoFusion3D/generated/research_lab_candidate_20261007/linux_check/test_requirements.txt (line 1))
  Downloading flask-3.1.3-py3-none-any.whl.metadata (3.2 kB)
Collecting nbformat>=5.7.0 (from open3d>=0.17.0->-r /mnt/c/Personal/My_DEGREE's/Master_of_Computing_(Advanced)/Australian_National_University/Technical Team Project - COMP8715/PhenoFusion3D/generated/research_lab_candidate_20261007/linux_check/test_requirements.txt (line 1))
  Downloading nbformat-5.11.1-py3-none-any.whl.metadata (3.7 kB)
Collecting configargparse (from open3d>=0.17.0->-r /mnt/c/Personal/My_DEGREE's/Master_of_Computing_(Advanced)/Australian_National_University/Technical Team Project - COMP8715/PhenoFusion3D/generated/research_lab_candidate_20261007/linux_check/test_requirements.txt (line 1))
  Downloading configargparse-1.8.0-py3-none-any.whl.metadata (23 kB)
Collecting ipywidgets>=8.0.4 (from open3d>=0.17.0->-r /mnt/c/Personal/My_DEGREE's/Master_of_Computing_(Advanced)/Australian_National_University/Technical Team Project - COMP8715/PhenoFusion3D/generated/research_lab_candidate_20261007/linux_check/test_requirements.txt (line 1))
  Downloading ipywidgets-8.1.9-py3-none-any.whl.metadata (2.4 kB)
Collecting PyQt5-sip<13,>=12.15 (from PyQt5>=5.15.0->-r /mnt/c/Personal/My_DEGREE's/Master_of_Computing_(Advanced)/Australian_National_University/Technical Team Project - COMP8715/PhenoFusion3D/generated/research_lab_candidate_20261007/linux_check/test_requirements.txt (line 6))
  Downloading pyqt5_sip-12.20.0-cp312-cp312-manylinux_2_5_x86_64.manylinux1_x86_64.whl.metadata (495 bytes)
Collecting PyQt5-Qt5<5.16.0,>=5.15.2 (from PyQt5>=5.15.0->-r /mnt/c/Personal/My_DEGREE's/Master_of_Computing_(Advanced)/Australian_National_University/Technical Team Project - COMP8715/PhenoFusion3D/generated/research_lab_candidate_20261007/linux_check/test_requirements.txt (line 6))
  Downloading pyqt5_qt5-5.15.19-py3-none-manylinux2014_x86_64.whl.metadata (536 bytes)
Collecting colorama (from pyqtgraph>=0.13.0->-r /mnt/c/Personal/My_DEGREE's/Master_of_Computing_(Advanced)/Australian_National_University/Technical Team Project - COMP8715/PhenoFusion3D/generated/research_lab_candidate_20261007/linux_check/test_requirements.txt (line 7))
  Downloading colorama-0.4.6-py2.py3-none-any.whl.metadata (17 kB)
Collecting contourpy>=1.0.1 (from matplotlib>=3.8.0->-r /mnt/c/Personal/My_DEGREE's/Master_of_Computing_(Advanced)/Australian_National_University/Technical Team Project - COMP8715/PhenoFusion3D/generated/research_lab_candidate_20261007/linux_check/test_requirements.txt (line 8))
  Downloading contourpy-1.4.0-cp312-cp312-manylinux_2_27_x86_64.manylinux_2_28_x86_64.whl.metadata (3.8 kB)
Collecting cycler>=0.10 (from matplotlib>=3.8.0->-r /mnt/c/Personal/My_DEGREE's/Master_of_Computing_(Advanced)/Australian_National_University/Technical Team Project - COMP8715/PhenoFusion3D/generated/research_lab_candidate_20261007/linux_check/test_requirements.txt (line 8))
  Downloading cycler-0.12.1-py3-none-any.whl.metadata (3.8 kB)
Collecting fonttools>=4.28.2 (from matplotlib>=3.8.0->-r /mnt/c/Personal/My_DEGREE's/Master_of_Computing_(Advanced)/Australian_National_University/Technical Team Project - COMP8715/PhenoFusion3D/generated/research_lab_candidate_20261007/linux_check/test_requirements.txt (line 8))
  Downloading fonttools-4.66.1-cp312-cp312-manylinux2014_x86_64.manylinux_2_17_x86_64.whl.metadata (130 kB)
     ━━━━━━━━━━━━━━━━━━━━━━━━━━━━━━━━━━━━━━━ 130.1/130.1 kB 2.8 MB/s eta 0:00:00
Collecting kiwisolver>=1.3.1 (from matplotlib>=3.8.0->-r /mnt/c/Personal/My_DEGREE's/Master_of_Computing_(Advanced)/Australian_National_University/Technical Team Project - COMP8715/PhenoFusion3D/generated/research_lab_candidate_20261007/linux_check/test_requirements.txt (line 8))
  Downloading kiwisolver-1.5.1-cp312-cp312-manylinux2014_x86_64.manylinux_2_17_x86_64.whl.metadata (5.2 kB)
Collecting packaging>=20.0 (from matplotlib>=3.8.0->-r /mnt/c/Personal/My_DEGREE's/Master_of_Computing_(Advanced)/Australian_National_University/Technical Team Project - COMP8715/PhenoFusion3D/generated/research_lab_candidate_20261007/linux_check/test_requirements.txt (line 8))
  Downloading packaging-26.3-py3-none-any.whl.metadata (3.5 kB)
Collecting pillow>=9 (from matplotlib>=3.8.0->-r /mnt/c/Personal/My_DEGREE's/Master_of_Computing_(Advanced)/Australian_National_University/Technical Team Project - COMP8715/PhenoFusion3D/generated/research_lab_candidate_20261007/linux_check/test_requirements.txt (line 8))
  Downloading pillow-12.3.0-cp312-cp312-manylinux_2_27_x86_64.manylinux_2_28_x86_64.whl.metadata (9.1 kB)
Collecting pyparsing>=3 (from matplotlib>=3.8.0->-r /mnt/c/Personal/My_DEGREE's/Master_of_Computing_(Advanced)/Australian_National_University/Technical Team Project - COMP8715/PhenoFusion3D/generated/research_lab_candidate_20261007/linux_check/test_requirements.txt (line 8))
  Downloading pyparsing-3.3.3-py3-none-any.whl.metadata (5.9 kB)
Collecting python-dateutil>=2.7 (from matplotlib>=3.8.0->-r /mnt/c/Personal/My_DEGREE's/Master_of_Computing_(Advanced)/Australian_National_University/Technical Team Project - COMP8715/PhenoFusion3D/generated/research_lab_candidate_20261007/linux_check/test_requirements.txt (line 8))
  Downloading python_dateutil-2.9.0.post0-py2.py3-none-any.whl.metadata (8.4 kB)
Collecting iniconfig>=1.0.1 (from pytest>=7.4.0->-r /mnt/c/Personal/My_DEGREE's/Master_of_Computing_(Advanced)/Australian_National_University/Technical Team Project - COMP8715/PhenoFusion3D/generated/research_lab_candidate_20261007/linux_check/test_requirements.txt (line 10))
  Downloading iniconfig-2.3.1-py3-none-any.whl.metadata (2.8 kB)
Collecting pluggy<2,>=1.5 (from pytest>=7.4.0->-r /mnt/c/Personal/My_DEGREE's/Master_of_Computing_(Advanced)/Australian_National_University/Technical Team Project - COMP8715/PhenoFusion3D/generated/research_lab_candidate_20261007/linux_check/test_requirements.txt (line 10))
  Downloading pluggy-1.6.0-py3-none-any.whl.metadata (4.8 kB)
Collecting pygments>=2.7.2 (from pytest>=7.4.0->-r /mnt/c/Personal/My_DEGREE's/Master_of_Computing_(Advanced)/Australian_National_University/Technical Team Project - COMP8715/PhenoFusion3D/generated/research_lab_candidate_20261007/linux_check/test_requirements.txt (line 10))
  Downloading pygments-2.21.0-py3-none-any.whl.metadata (2.5 kB)
Collecting plotly>=5.0.0 (from dash>=2.6.0->open3d>=0.17.0->-r /mnt/c/Personal/My_DEGREE's/Master_of_Computing_(Advanced)/Australian_National_University/Technical Team Project - COMP8715/PhenoFusion3D/generated/research_lab_candidate_20261007/linux_check/test_requirements.txt (line 1))
  Downloading plotly-7.1.0-py3-none-any.whl.metadata (8.8 kB)
Collecting importlib-metadata (from dash>=2.6.0->open3d>=0.17.0->-r /mnt/c/Personal/My_DEGREE's/Master_of_Computing_(Advanced)/Australian_National_University/Technical Team Project - COMP8715/PhenoFusion3D/generated/research_lab_candidate_20261007/linux_check/test_requirements.txt (line 1))
  Downloading importlib_metadata-9.0.1-py3-none-any.whl.metadata (4.5 kB)
Collecting typing_extensions>=4.1.1 (from dash>=2.6.0->open3d>=0.17.0->-r /mnt/c/Personal/My_DEGREE's/Master_of_Computing_(Advanced)/Australian_National_University/Technical Team Project - COMP8715/PhenoFusion3D/generated/research_lab_candidate_20261007/linux_check/test_requirements.txt (line 1))
  Downloading typing_extensions-4.16.0-py3-none-any.whl.metadata (3.3 kB)
Collecting requests (from dash>=2.6.0->open3d>=0.17.0->-r /mnt/c/Personal/My_DEGREE's/Master_of_Computing_(Advanced)/Australian_National_University/Technical Team Project - COMP8715/PhenoFusion3D/generated/research_lab_candidate_20261007/linux_check/test_requirements.txt (line 1))
  Downloading requests-2.34.2-py3-none-any.whl.metadata (4.8 kB)
Collecting retrying (from dash>=2.6.0->open3d>=0.17.0->-r /mnt/c/Personal/My_DEGREE's/Master_of_Computing_(Advanced)/Australian_National_University/Technical Team Project - COMP8715/PhenoFusion3D/generated/research_lab_candidate_20261007/linux_check/test_requirements.txt (line 1))
  Downloading retrying-1.4.2-py3-none-any.whl.metadata (5.5 kB)
Collecting nest-asyncio (from dash>=2.6.0->open3d>=0.17.0->-r /mnt/c/Personal/My_DEGREE's/Master_of_Computing_(Advanced)/Australian_National_University/Technical Team Project - COMP8715/PhenoFusion3D/generated/research_lab_candidate_20261007/linux_check/test_requirements.txt (line 1))
  Downloading nest_asyncio-1.6.0-py3-none-any.whl.metadata (2.8 kB)
Collecting setuptools (from dash>=2.6.0->open3d>=0.17.0->-r /mnt/c/Personal/My_DEGREE's/Master_of_Computing_(Advanced)/Australian_National_University/Technical Team Project - COMP8715/PhenoFusion3D/generated/research_lab_candidate_20261007/linux_check/test_requirements.txt (line 1))
  Downloading setuptools-84.0.0-py3-none-any.whl.metadata (6.6 kB)
Collecting janus>=1.0.0 (from dash>=2.6.0->open3d>=0.17.0->-r /mnt/c/Personal/My_DEGREE's/Master_of_Computing_(Advanced)/Australian_National_University/Technical Team Project - COMP8715/PhenoFusion3D/generated/research_lab_candidate_20261007/linux_check/test_requirements.txt (line 1))
  Downloading janus-2.0.0-py3-none-any.whl.metadata (5.3 kB)
Collecting pydantic>=2.10 (from dash>=2.6.0->open3d>=0.17.0->-r /mnt/c/Personal/My_DEGREE's/Master_of_Computing_(Advanced)/Australian_National_University/Technical Team Project - COMP8715/PhenoFusion3D/generated/research_lab_candidate_20261007/linux_check/test_requirements.txt (line 1))
  Downloading pydantic-2.13.5-py3-none-any.whl.metadata (110 kB)
     ━━━━━━━━━━━━━━━━━━━━━━━━━━━━━━━━━━━━━━━ 110.2/110.2 kB 2.8 MB/s eta 0:00:00
Collecting comm (from dash>=2.6.0->open3d>=0.17.0->-r /mnt/c/Personal/My_DEGREE's/Master_of_Computing_(Advanced)/Australian_National_University/Technical Team Project - COMP8715/PhenoFusion3D/generated/research_lab_candidate_20261007/linux_check/test_requirements.txt (line 1))
  Downloading comm-0.2.3-py3-none-any.whl.metadata (3.7 kB)
Collecting blinker>=1.9.0 (from flask>=3.0.0->open3d>=0.17.0->-r /mnt/c/Personal/My_DEGREE's/Master_of_Computing_(Advanced)/Australian_National_University/Technical Team Project - COMP8715/PhenoFusion3D/generated/research_lab_candidate_20261007/linux_check/test_requirements.txt (line 1))
  Downloading blinker-1.9.0-py3-none-any.whl.metadata (1.6 kB)
Collecting click>=8.1.3 (from flask>=3.0.0->open3d>=0.17.0->-r /mnt/c/Personal/My_DEGREE's/Master_of_Computing_(Advanced)/Australian_National_University/Technical Team Project - COMP8715/PhenoFusion3D/generated/research_lab_candidate_20261007/linux_check/test_requirements.txt (line 1))
  Downloading click-8.5.0-py3-none-any.whl.metadata (2.6 kB)
Collecting itsdangerous>=2.2.0 (from flask>=3.0.0->open3d>=0.17.0->-r /mnt/c/Personal/My_DEGREE's/Master_of_Computing_(Advanced)/Australian_National_University/Technical Team Project - COMP8715/PhenoFusion3D/generated/research_lab_candidate_20261007/linux_check/test_requirements.txt (line 1))
  Downloading itsdangerous-2.2.0-py3-none-any.whl.metadata (1.9 kB)
Collecting jinja2>=3.1.2 (from flask>=3.0.0->open3d>=0.17.0->-r /mnt/c/Personal/My_DEGREE's/Master_of_Computing_(Advanced)/Australian_National_University/Technical Team Project - COMP8715/PhenoFusion3D/generated/research_lab_candidate_20261007/linux_check/test_requirements.txt (line 1))
  Downloading jinja2-3.1.6-py3-none-any.whl.metadata (2.9 kB)
Collecting markupsafe>=2.1.1 (from flask>=3.0.0->open3d>=0.17.0->-r /mnt/c/Personal/My_DEGREE's/Master_of_Computing_(Advanced)/Australian_National_University/Technical Team Project - COMP8715/PhenoFusion3D/generated/research_lab_candidate_20261007/linux_check/test_requirements.txt (line 1))
  Downloading markupsafe-3.0.4-cp312-cp312-manylinux2014_x86_64.manylinux_2_17_x86_64.manylinux_2_28_x86_64.whl.metadata (2.7 kB)
Collecting ipython>=6.1.0 (from ipywidgets>=8.0.4->open3d>=0.17.0->-r /mnt/c/Personal/My_DEGREE's/Master_of_Computing_(Advanced)/Australian_National_University/Technical Team Project - COMP8715/PhenoFusion3D/generated/research_lab_candidate_20261007/linux_check/test_requirements.txt (line 1))
  Downloading ipython-9.17.1-py3-none-any.whl.metadata (4.6 kB)
Collecting traitlets>=4.3.1 (from ipywidgets>=8.0.4->open3d>=0.17.0->-r /mnt/c/Personal/My_DEGREE's/Master_of_Computing_(Advanced)/Australian_National_University/Technical Team Project - COMP8715/PhenoFusion3D/generated/research_lab_candidate_20261007/linux_check/test_requirements.txt (line 1))
  Downloading traitlets-5.16.1-py3-none-any.whl.metadata (10 kB)
Collecting widgetsnbextension~=4.0.16 (from ipywidgets>=8.0.4->open3d>=0.17.0->-r /mnt/c/Personal/My_DEGREE's/Master_of_Computing_(Advanced)/Australian_National_University/Technical Team Project - COMP8715/PhenoFusion3D/generated/research_lab_candidate_20261007/linux_check/test_requirements.txt (line 1))
  Downloading widgetsnbextension-4.0.16-py3-none-any.whl.metadata (1.6 kB)
Collecting jupyterlab_widgets~=3.0.17 (from ipywidgets>=8.0.4->open3d>=0.17.0->-r /mnt/c/Personal/My_DEGREE's/Master_of_Computing_(Advanced)/Australian_National_University/Technical Team Project - COMP8715/PhenoFusion3D/generated/research_lab_candidate_20261007/linux_check/test_requirements.txt (line 1))
  Downloading jupyterlab_widgets-3.0.17-py3-none-any.whl.metadata (20 kB)
Collecting fastjsonschema>=2.15 (from nbformat>=5.7.0->open3d>=0.17.0->-r /mnt/c/Personal/My_DEGREE's/Master_of_Computing_(Advanced)/Australian_National_University/Technical Team Project - COMP8715/PhenoFusion3D/generated/research_lab_candidate_20261007/linux_check/test_requirements.txt (line 1))
  Downloading fastjsonschema-2.22.2-py3-none-any.whl.metadata (2.1 kB)
Collecting jsonschema>=2.6 (from nbformat>=5.7.0->open3d>=0.17.0->-r /mnt/c/Personal/My_DEGREE's/Master_of_Computing_(Advanced)/Australian_National_University/Technical Team Project - COMP8715/PhenoFusion3D/generated/research_lab_candidate_20261007/linux_check/test_requirements.txt (line 1))
  Downloading jsonschema-4.26.0-py3-none-any.whl.metadata (7.6 kB)
Collecting jupyter-core!=5.0.*,>=4.12 (from nbformat>=5.7.0->open3d>=0.17.0->-r /mnt/c/Personal/My_DEGREE's/Master_of_Computing_(Advanced)/Australian_National_University/Technical Team Project - COMP8715/PhenoFusion3D/generated/research_lab_candidate_20261007/linux_check/test_requirements.txt (line 1))
  Downloading jupyter_core-5.9.1-py3-none-any.whl.metadata (1.5 kB)
Collecting six>=1.5 (from python-dateutil>=2.7->matplotlib>=3.8.0->-r /mnt/c/Personal/My_DEGREE's/Master_of_Computing_(Advanced)/Australian_National_University/Technical Team Project - COMP8715/PhenoFusion3D/generated/research_lab_candidate_20261007/linux_check/test_requirements.txt (line 8))
  Downloading six-1.17.0-py2.py3-none-any.whl.metadata (1.7 kB)
Collecting ipython-pygments-lexers>=1.0.0 (from ipython>=6.1.0->ipywidgets>=8.0.4->open3d>=0.17.0->-r /mnt/c/Personal/My_DEGREE's/Master_of_Computing_(Advanced)/Australian_National_University/Technical Team Project - COMP8715/PhenoFusion3D/generated/research_lab_candidate_20261007/linux_check/test_requirements.txt (line 1))
  Downloading ipython_pygments_lexers-1.1.1-py3-none-any.whl.metadata (1.1 kB)
Collecting jedi>=0.18.2 (from ipython>=6.1.0->ipywidgets>=8.0.4->open3d>=0.17.0->-r /mnt/c/Personal/My_DEGREE's/Master_of_Computing_(Advanced)/Australian_National_University/Technical Team Project - COMP8715/PhenoFusion3D/generated/research_lab_candidate_20261007/linux_check/test_requirements.txt (line 1))
  Downloading jedi-0.20.0-py2.py3-none-any.whl.metadata (23 kB)
Collecting matplotlib-inline>=0.1.6 (from ipython>=6.1.0->ipywidgets>=8.0.4->open3d>=0.17.0->-r /mnt/c/Personal/My_DEGREE's/Master_of_Computing_(Advanced)/Australian_National_University/Technical Team Project - COMP8715/PhenoFusion3D/generated/research_lab_candidate_20261007/linux_check/test_requirements.txt (line 1))
  Downloading matplotlib_inline-0.2.2-py3-none-any.whl.metadata (2.4 kB)
Collecting pexpect>4.6 (from ipython>=6.1.0->ipywidgets>=8.0.4->open3d>=0.17.0->-r /mnt/c/Personal/My_DEGREE's/Master_of_Computing_(Advanced)/Australian_National_University/Technical Team Project - COMP8715/PhenoFusion3D/generated/research_lab_candidate_20261007/linux_check/test_requirements.txt (line 1))
  Downloading pexpect-4.9.0-py2.py3-none-any.whl.metadata (2.5 kB)
Collecting prompt_toolkit<3.1.0,>=3.0.41 (from ipython>=6.1.0->ipywidgets>=8.0.4->open3d>=0.17.0->-r /mnt/c/Personal/My_DEGREE's/Master_of_Computing_(Advanced)/Australian_National_University/Technical Team Project - COMP8715/PhenoFusion3D/generated/research_lab_candidate_20261007/linux_check/test_requirements.txt (line 1))
  Downloading prompt_toolkit-3.0.53-py3-none-any.whl.metadata (6.4 kB)
Collecting psutil>=7 (from ipython>=6.1.0->ipywidgets>=8.0.4->open3d>=0.17.0->-r /mnt/c/Personal/My_DEGREE's/Master_of_Computing_(Advanced)/Australian_National_University/Technical Team Project - COMP8715/PhenoFusion3D/generated/research_lab_candidate_20261007/linux_check/test_requirements.txt (line 1))
  Downloading psutil-7.2.2-cp36-abi3-manylinux2010_x86_64.manylinux_2_12_x86_64.manylinux_2_28_x86_64.whl.metadata (22 kB)
Collecting stack_data>=0.6.0 (from ipython>=6.1.0->ipywidgets>=8.0.4->open3d>=0.17.0->-r /mnt/c/Personal/My_DEGREE's/Master_of_Computing_(Advanced)/Australian_National_University/Technical Team Project - COMP8715/PhenoFusion3D/generated/research_lab_candidate_20261007/linux_check/test_requirements.txt (line 1))
  Downloading stack_data-0.6.3-py3-none-any.whl.metadata (18 kB)
Collecting attrs>=22.2.0 (from jsonschema>=2.6->nbformat>=5.7.0->open3d>=0.17.0->-r /mnt/c/Personal/My_DEGREE's/Master_of_Computing_(Advanced)/Australian_National_University/Technical Team Project - COMP8715/PhenoFusion3D/generated/research_lab_candidate_20261007/linux_check/test_requirements.txt (line 1))
  Downloading attrs-26.1.0-py3-none-any.whl.metadata (8.8 kB)
Collecting jsonschema-specifications>=2023.03.6 (from jsonschema>=2.6->nbformat>=5.7.0->open3d>=0.17.0->-r /mnt/c/Personal/My_DEGREE's/Master_of_Computing_(Advanced)/Australian_National_University/Technical Team Project - COMP8715/PhenoFusion3D/generated/research_lab_candidate_20261007/linux_check/test_requirements.txt (line 1))
  Downloading jsonschema_specifications-2025.9.1-py3-none-any.whl.metadata (2.9 kB)
Collecting referencing>=0.28.4 (from jsonschema>=2.6->nbformat>=5.7.0->open3d>=0.17.0->-r /mnt/c/Personal/My_DEGREE's/Master_of_Computing_(Advanced)/Australian_National_University/Technical Team Project - COMP8715/PhenoFusion3D/generated/research_lab_candidate_20261007/linux_check/test_requirements.txt (line 1))
  Downloading referencing-0.37.0-py3-none-any.whl.metadata (2.8 kB)
Collecting rpds-py>=0.25.0 (from jsonschema>=2.6->nbformat>=5.7.0->open3d>=0.17.0->-r /mnt/c/Personal/My_DEGREE's/Master_of_Computing_(Advanced)/Australian_National_University/Technical Team Project - COMP8715/PhenoFusion3D/generated/research_lab_candidate_20261007/linux_check/test_requirements.txt (line 1))
  Downloading rpds_py-2026.9.1-cp312-cp312-manylinux_2_17_x86_64.manylinux2014_x86_64.whl.metadata (4.1 kB)
Collecting platformdirs>=2.5 (from jupyter-core!=5.0.*,>=4.12->nbformat>=5.7.0->open3d>=0.17.0->-r /mnt/c/Personal/My_DEGREE's/Master_of_Computing_(Advanced)/Australian_National_University/Technical Team Project - COMP8715/PhenoFusion3D/generated/research_lab_candidate_20261007/linux_check/test_requirements.txt (line 1))
  Downloading platformdirs-4.12.3-py3-none-any.whl.metadata (5.5 kB)
Collecting narwhals>=1.15.1 (from plotly>=5.0.0->dash>=2.6.0->open3d>=0.17.0->-r /mnt/c/Personal/My_DEGREE's/Master_of_Computing_(Advanced)/Australian_National_University/Technical Team Project - COMP8715/PhenoFusion3D/generated/research_lab_candidate_20261007/linux_check/test_requirements.txt (line 1))
  Downloading narwhals-2.26.0-py3-none-any.whl.metadata (15 kB)
Collecting annotated-types>=0.6.0 (from pydantic>=2.10->dash>=2.6.0->open3d>=0.17.0->-r /mnt/c/Personal/My_DEGREE's/Master_of_Computing_(Advanced)/Australian_National_University/Technical Team Project - COMP8715/PhenoFusion3D/generated/research_lab_candidate_20261007/linux_check/test_requirements.txt (line 1))
  Downloading annotated_types-0.8.0-py3-none-any.whl.metadata (15 kB)
Collecting pydantic-core==2.46.5 (from pydantic>=2.10->dash>=2.6.0->open3d>=0.17.0->-r /mnt/c/Personal/My_DEGREE's/Master_of_Computing_(Advanced)/Australian_National_University/Technical Team Project - COMP8715/PhenoFusion3D/generated/research_lab_candidate_20261007/linux_check/test_requirements.txt (line 1))
  Downloading pydantic_core-2.46.5-cp312-cp312-manylinux_2_17_x86_64.manylinux2014_x86_64.whl.metadata (6.6 kB)
Collecting typing-inspection>=0.4.2 (from pydantic>=2.10->dash>=2.6.0->open3d>=0.17.0->-r /mnt/c/Personal/My_DEGREE's/Master_of_Computing_(Advanced)/Australian_National_University/Technical Team Project - COMP8715/PhenoFusion3D/generated/research_lab_candidate_20261007/linux_check/test_requirements.txt (line 1))
  Downloading typing_inspection-0.4.4-py3-none-any.whl.metadata (2.6 kB)
Collecting zipp>=3.20 (from importlib-metadata->dash>=2.6.0->open3d>=0.17.0->-r /mnt/c/Personal/My_DEGREE's/Master_of_Computing_(Advanced)/Australian_National_University/Technical Team Project - COMP8715/PhenoFusion3D/generated/research_lab_candidate_20261007/linux_check/test_requirements.txt (line 1))
  Downloading zipp-4.1.1-py3-none-any.whl.metadata (3.6 kB)
Collecting charset_normalizer<4,>=2 (from requests->dash>=2.6.0->open3d>=0.17.0->-r /mnt/c/Personal/My_DEGREE's/Master_of_Computing_(Advanced)/Australian_National_University/Technical Team Project - COMP8715/PhenoFusion3D/generated/research_lab_candidate_20261007/linux_check/test_requirements.txt (line 1))
  Downloading charset_normalizer-3.5.2-cp312-cp312-manylinux2014_x86_64.manylinux_2_17_x86_64.manylinux_2_28_x86_64.whl.metadata (46 kB)
     ━━━━━━━━━━━━━━━━━━━━━━━━━━━━━━━━━━━━━━━━ 46.4/46.4 kB 1.6 MB/s eta 0:00:00
Collecting idna<4,>=2.5 (from requests->dash>=2.6.0->open3d>=0.17.0->-r /mnt/c/Personal/My_DEGREE's/Master_of_Computing_(Advanced)/Australian_National_University/Technical Team Project - COMP8715/PhenoFusion3D/generated/research_lab_candidate_20261007/linux_check/test_requirements.txt (line 1))
  Downloading idna-3.20-py3-none-any.whl.metadata (7.2 kB)
Collecting urllib3<3,>=1.26 (from requests->dash>=2.6.0->open3d>=0.17.0->-r /mnt/c/Personal/My_DEGREE's/Master_of_Computing_(Advanced)/Australian_National_University/Technical Team Project - COMP8715/PhenoFusion3D/generated/research_lab_candidate_20261007/linux_check/test_requirements.txt (line 1))
  Downloading urllib3-2.8.0-py3-none-any.whl.metadata (7.4 kB)
Collecting certifi>=2023.5.7 (from requests->dash>=2.6.0->open3d>=0.17.0->-r /mnt/c/Personal/My_DEGREE's/Master_of_Computing_(Advanced)/Australian_National_University/Technical Team Project - COMP8715/PhenoFusion3D/generated/research_lab_candidate_20261007/linux_check/test_requirements.txt (line 1))
  Downloading certifi-2026.7.22-py3-none-any.whl.metadata (2.5 kB)
Collecting parso<0.9.0,>=0.8.6 (from jedi>=0.18.2->ipython>=6.1.0->ipywidgets>=8.0.4->open3d>=0.17.0->-r /mnt/c/Personal/My_DEGREE's/Master_of_Computing_(Advanced)/Australian_National_University/Technical Team Project - COMP8715/PhenoFusion3D/generated/research_lab_candidate_20261007/linux_check/test_requirements.txt (line 1))
  Downloading parso-0.8.7-py2.py3-none-any.whl.metadata (8.2 kB)
Collecting ptyprocess>=0.5 (from pexpect>4.6->ipython>=6.1.0->ipywidgets>=8.0.4->open3d>=0.17.0->-r /mnt/c/Personal/My_DEGREE's/Master_of_Computing_(Advanced)/Australian_National_University/Technical Team Project - COMP8715/PhenoFusion3D/generated/research_lab_candidate_20261007/linux_check/test_requirements.txt (line 1))
  Downloading ptyprocess-0.7.0-py2.py3-none-any.whl.metadata (1.3 kB)
Collecting wcwidth>=0.1.4 (from prompt_toolkit<3.1.0,>=3.0.41->ipython>=6.1.0->ipywidgets>=8.0.4->open3d>=0.17.0->-r /mnt/c/Personal/My_DEGREE's/Master_of_Computing_(Advanced)/Australian_National_University/Technical Team Project - COMP8715/PhenoFusion3D/generated/research_lab_candidate_20261007/linux_check/test_requirements.txt (line 1))
  Downloading wcwidth-0.9.2-cp310-abi3-manylinux2014_x86_64.manylinux_2_17_x86_64.whl.metadata (23 kB)
Collecting executing>=1.2.0 (from stack_data>=0.6.0->ipython>=6.1.0->ipywidgets>=8.0.4->open3d>=0.17.0->-r /mnt/c/Personal/My_DEGREE's/Master_of_Computing_(Advanced)/Australian_National_University/Technical Team Project - COMP8715/PhenoFusion3D/generated/research_lab_candidate_20261007/linux_check/test_requirements.txt (line 1))
  Downloading executing-2.2.1-py2.py3-none-any.whl.metadata (8.9 kB)
Collecting asttokens>=2.1.0 (from stack_data>=0.6.0->ipython>=6.1.0->ipywidgets>=8.0.4->open3d>=0.17.0->-r /mnt/c/Personal/My_DEGREE's/Master_of_Computing_(Advanced)/Australian_National_University/Technical Team Project - COMP8715/PhenoFusion3D/generated/research_lab_candidate_20261007/linux_check/test_requirements.txt (line 1))
  Downloading asttokens-3.0.2-py3-none-any.whl.metadata (5.7 kB)
Collecting pure-eval (from stack_data>=0.6.0->ipython>=6.1.0->ipywidgets>=8.0.4->open3d>=0.17.0->-r /mnt/c/Personal/My_DEGREE's/Master_of_Computing_(Advanced)/Australian_National_University/Technical Team Project - COMP8715/PhenoFusion3D/generated/research_lab_candidate_20261007/linux_check/test_requirements.txt (line 1))
  Downloading pure_eval-0.2.4-py3-none-any.whl.metadata (6.4 kB)
Downloading open3d-0.20.0-cp312-cp312-manylinux_2_35_x86_64.whl (400.8 MB)
   ━━━━━━━━━━━━━━━━━━━━━━━━━━━━━━━━━━━━━━━━ 400.8/400.8 MB 7.5 MB/s eta 0:00:00
Downloading opencv_python-5.0.0.93-cp37-abi3-manylinux_2_28_x86_64.whl (73.8 MB)
   ━━━━━━━━━━━━━━━━━━━━━━━━━━━━━━━━━━━━━━━━ 73.8/73.8 MB 24.8 MB/s eta 0:00:00
Downloading numpy-2.5.3-cp312-cp312-manylinux_2_27_x86_64.manylinux_2_28_x86_64.whl (16.7 MB)
   ━━━━━━━━━━━━━━━━━━━━━━━━━━━━━━━━━━━━━━━━ 16.7/16.7 MB 32.6 MB/s eta 0:00:00
Downloading natsort-8.4.0-py3-none-any.whl (38 kB)
Downloading tqdm-4.70.1-py3-none-any.whl (80 kB)
   ━━━━━━━━━━━━━━━━━━━━━━━━━━━━━━━━━━━━━━━━ 80.2/80.2 kB 6.8 MB/s eta 0:00:00
Downloading PyQt5-5.15.11-cp38-abi3-manylinux_2_17_x86_64.whl (8.2 MB)
   ━━━━━━━━━━━━━━━━━━━━━━━━━━━━━━━━━━━━━━━━ 8.2/8.2 MB 34.1 MB/s eta 0:00:00
Downloading pyqtgraph-0.14.0-py3-none-any.whl (1.9 MB)
   ━━━━━━━━━━━━━━━━━━━━━━━━━━━━━━━━━━━━━━━━ 1.9/1.9 MB 28.3 MB/s eta 0:00:00
Downloading matplotlib-3.11.2-cp312-cp312-manylinux2014_x86_64.manylinux_2_17_x86_64.whl (9.9 MB)
   ━━━━━━━━━━━━━━━━━━━━━━━━━━━━━━━━━━━━━━━━ 9.9/9.9 MB 19.5 MB/s eta 0:00:00
Downloading scipy-1.18.1-cp312-cp312-manylinux_2_27_x86_64.manylinux_2_28_x86_64.whl (35.3 MB)
   ━━━━━━━━━━━━━━━━━━━━━━━━━━━━━━━━━━━━━━━━ 35.3/35.3 MB 30.6 MB/s eta 0:00:00
Downloading pytest-9.1.1-py3-none-any.whl (386 kB)
   ━━━━━━━━━━━━━━━━━━━━━━━━━━━━━━━━━━━━━━━━ 386.5/386.5 kB 16.8 MB/s eta 0:00:00
Downloading contourpy-1.4.0-cp312-cp312-manylinux_2_27_x86_64.manylinux_2_28_x86_64.whl (383 kB)
   ━━━━━━━━━━━━━━━━━━━━━━━━━━━━━━━━━━━━━━━━ 383.2/383.2 kB 19.4 MB/s eta 0:00:00
Downloading cycler-0.12.1-py3-none-any.whl (8.3 kB)
Downloading dash-4.4.1-py3-none-any.whl (8.9 MB)
   ━━━━━━━━━━━━━━━━━━━━━━━━━━━━━━━━━━━━━━━━ 8.9/8.9 MB 36.2 MB/s eta 0:00:00
Downloading flask-3.1.3-py3-none-any.whl (103 kB)
   ━━━━━━━━━━━━━━━━━━━━━━━━━━━━━━━━━━━━━━━━ 103.4/103.4 kB 7.0 MB/s eta 0:00:00
Downloading fonttools-4.66.1-cp312-cp312-manylinux2014_x86_64.manylinux_2_17_x86_64.whl (5.4 MB)
   ━━━━━━━━━━━━━━━━━━━━━━━━━━━━━━━━━━━━━━━━ 5.4/5.4 MB 34.7 MB/s eta 0:00:00
Downloading iniconfig-2.3.1-py3-none-any.whl (7.6 kB)
Downloading ipywidgets-8.1.9-py3-none-any.whl (140 kB)
   ━━━━━━━━━━━━━━━━━━━━━━━━━━━━━━━━━━━━━━━━ 140.1/140.1 kB 7.0 MB/s eta 0:00:00
Downloading kiwisolver-1.5.1-cp312-cp312-manylinux2014_x86_64.manylinux_2_17_x86_64.whl (1.5 MB)
   ━━━━━━━━━━━━━━━━━━━━━━━━━━━━━━━━━━━━━━━━ 1.5/1.5 MB 28.2 MB/s eta 0:00:00
Downloading nbformat-5.11.1-py3-none-any.whl (79 kB)
   ━━━━━━━━━━━━━━━━━━━━━━━━━━━━━━━━━━━━━━━━ 79.8/79.8 kB 3.9 MB/s eta 0:00:00
Downloading packaging-26.3-py3-none-any.whl (129 kB)
   ━━━━━━━━━━━━━━━━━━━━━━━━━━━━━━━━━━━━━━━━ 130.0/130.0 kB 8.0 MB/s eta 0:00:00
Downloading pillow-12.3.0-cp312-cp312-manylinux_2_27_x86_64.manylinux_2_28_x86_64.whl (6.9 MB)
   ━━━━━━━━━━━━━━━━━━━━━━━━━━━━━━━━━━━━━━━━ 6.9/6.9 MB 33.8 MB/s eta 0:00:00
Downloading pluggy-1.6.0-py3-none-any.whl (20 kB)
Downloading pygments-2.21.0-py3-none-any.whl (1.3 MB)
   ━━━━━━━━━━━━━━━━━━━━━━━━━━━━━━━━━━━━━━━━ 1.3/1.3 MB 29.6 MB/s eta 0:00:00
Downloading pyparsing-3.3.3-py3-none-any.whl (126 kB)
   ━━━━━━━━━━━━━━━━━━━━━━━━━━━━━━━━━━━━━━━━ 126.4/126.4 kB 5.9 MB/s eta 0:00:00
Downloading pyqt5_qt5-5.15.19-py3-none-manylinux2014_x86_64.whl (60.9 MB)
   ━━━━━━━━━━━━━━━━━━━━━━━━━━━━━━━━━━━━━━━━ 60.9/60.9 MB 23.7 MB/s eta 0:00:00
Downloading pyqt5_sip-12.20.0-cp312-cp312-manylinux_2_5_x86_64.manylinux1_x86_64.whl (282 kB)
   ━━━━━━━━━━━━━━━━━━━━━━━━━━━━━━━━━━━━━━━━ 282.2/282.2 kB 18.3 MB/s eta 0:00:00
Downloading python_dateutil-2.9.0.post0-py2.py3-none-any.whl (229 kB)
   ━━━━━━━━━━━━━━━━━━━━━━━━━━━━━━━━━━━━━━━━ 229.9/229.9 kB 10.3 MB/s eta 0:00:00
Downloading werkzeug-3.1.9-py3-none-any.whl (228 kB)
   ━━━━━━━━━━━━━━━━━━━━━━━━━━━━━━━━━━━━━━━━ 228.7/228.7 kB 16.3 MB/s eta 0:00:00
Downloading colorama-0.4.6-py2.py3-none-any.whl (25 kB)
Downloading configargparse-1.8.0-py3-none-any.whl (34 kB)
Downloading blinker-1.9.0-py3-none-any.whl (8.5 kB)
Downloading click-8.5.0-py3-none-any.whl (125 kB)
   ━━━━━━━━━━━━━━━━━━━━━━━━━━━━━━━━━━━━━━━━ 125.3/125.3 kB 9.4 MB/s eta 0:00:00
Downloading comm-0.2.3-py3-none-any.whl (7.3 kB)
Downloading fastjsonschema-2.22.2-py3-none-any.whl (27 kB)
Downloading ipython-9.17.1-py3-none-any.whl (639 kB)
   ━━━━━━━━━━━━━━━━━━━━━━━━━━━━━━━━━━━━━━━━ 639.0/639.0 kB 28.6 MB/s eta 0:00:00
Downloading itsdangerous-2.2.0-py3-none-any.whl (16 kB)
Downloading janus-2.0.0-py3-none-any.whl (12 kB)
Downloading jinja2-3.1.6-py3-none-any.whl (134 kB)
   ━━━━━━━━━━━━━━━━━━━━━━━━━━━━━━━━━━━━━━━━ 134.9/134.9 kB 10.2 MB/s eta 0:00:00
Downloading jsonschema-4.26.0-py3-none-any.whl (90 kB)
   ━━━━━━━━━━━━━━━━━━━━━━━━━━━━━━━━━━━━━━━━ 90.6/90.6 kB 5.8 MB/s eta 0:00:00
Downloading jupyter_core-5.9.1-py3-none-any.whl (29 kB)
Downloading jupyterlab_widgets-3.0.17-py3-none-any.whl (217 kB)
   ━━━━━━━━━━━━━━━━━━━━━━━━━━━━━━━━━━━━━━━━ 217.3/217.3 kB 15.6 MB/s eta 0:00:00
Downloading markupsafe-3.0.4-cp312-cp312-manylinux2014_x86_64.manylinux_2_17_x86_64.manylinux_2_28_x86_64.whl (22 kB)
Downloading plotly-7.1.0-py3-none-any.whl (9.7 MB)
   ━━━━━━━━━━━━━━━━━━━━━━━━━━━━━━━━━━━━━━━━ 9.7/9.7 MB 37.3 MB/s eta 0:00:00
Downloading pydantic-2.13.5-py3-none-any.whl (472 kB)
   ━━━━━━━━━━━━━━━━━━━━━━━━━━━━━━━━━━━━━━━━ 472.6/472.6 kB 18.2 MB/s eta 0:00:00
Downloading pydantic_core-2.46.5-cp312-cp312-manylinux_2_17_x86_64.manylinux2014_x86_64.whl (2.1 MB)
   ━━━━━━━━━━━━━━━━━━━━━━━━━━━━━━━━━━━━━━━━ 2.1/2.1 MB 30.9 MB/s eta 0:00:00
Downloading six-1.17.0-py2.py3-none-any.whl (11 kB)
Downloading traitlets-5.16.1-py3-none-any.whl (86 kB)
   ━━━━━━━━━━━━━━━━━━━━━━━━━━━━━━━━━━━━━━━━ 86.2/86.2 kB 3.7 MB/s eta 0:00:00
Downloading typing_extensions-4.16.0-py3-none-any.whl (45 kB)
   ━━━━━━━━━━━━━━━━━━━━━━━━━━━━━━━━━━━━━━━━ 45.6/45.6 kB 2.0 MB/s eta 0:00:00
Downloading widgetsnbextension-4.0.16-py3-none-any.whl (2.2 MB)
   ━━━━━━━━━━━━━━━━━━━━━━━━━━━━━━━━━━━━━━━━ 2.2/2.2 MB 35.5 MB/s eta 0:00:00
Downloading importlib_metadata-9.0.1-py3-none-any.whl (27 kB)
Downloading nest_asyncio-1.6.0-py3-none-any.whl (5.2 kB)
Downloading requests-2.34.2-py3-none-any.whl (73 kB)
   ━━━━━━━━━━━━━━━━━━━━━━━━━━━━━━━━━━━━━━━━ 73.1/73.1 kB 4.4 MB/s eta 0:00:00
Downloading retrying-1.4.2-py3-none-any.whl (10 kB)
Downloading setuptools-84.0.0-py3-none-any.whl (818 kB)
   ━━━━━━━━━━━━━━━━━━━━━━━━━━━━━━━━━━━━━━━━ 818.2/818.2 kB 26.4 MB/s eta 0:00:00
Downloading annotated_types-0.8.0-py3-none-any.whl (13 kB)
Downloading attrs-26.1.0-py3-none-any.whl (67 kB)
   ━━━━━━━━━━━━━━━━━━━━━━━━━━━━━━━━━━━━━━━━ 67.5/67.5 kB 3.1 MB/s eta 0:00:00
Downloading certifi-2026.7.22-py3-none-any.whl (136 kB)
   ━━━━━━━━━━━━━━━━━━━━━━━━━━━━━━━━━━━━━━━━ 137.0/137.0 kB 7.8 MB/s eta 0:00:00
Downloading charset_normalizer-3.5.2-cp312-cp312-manylinux2014_x86_64.manylinux_2_17_x86_64.manylinux_2_28_x86_64.whl (257 kB)
   ━━━━━━━━━━━━━━━━━━━━━━━━━━━━━━━━━━━━━━━━ 257.6/257.6 kB 12.5 MB/s eta 0:00:00
Downloading idna-3.20-py3-none-any.whl (69 kB)
   ━━━━━━━━━━━━━━━━━━━━━━━━━━━━━━━━━━━━━━━━ 69.6/69.6 kB 4.3 MB/s eta 0:00:00
Downloading ipython_pygments_lexers-1.1.1-py3-none-any.whl (8.1 kB)
Downloading jedi-0.20.0-py2.py3-none-any.whl (4.9 MB)
   ━━━━━━━━━━━━━━━━━━━━━━━━━━━━━━━━━━━━━━━━ 4.9/4.9 MB 33.1 MB/s eta 0:00:00
Downloading jsonschema_specifications-2025.9.1-py3-none-any.whl (18 kB)
Downloading matplotlib_inline-0.2.2-py3-none-any.whl (9.5 kB)
Downloading narwhals-2.26.0-py3-none-any.whl (474 kB)
   ━━━━━━━━━━━━━━━━━━━━━━━━━━━━━━━━━━━━━━━━ 474.0/474.0 kB 18.8 MB/s eta 0:00:00
Downloading pexpect-4.9.0-py2.py3-none-any.whl (63 kB)
   ━━━━━━━━━━━━━━━━━━━━━━━━━━━━━━━━━━━━━━━━ 63.8/63.8 kB 3.9 MB/s eta 0:00:00
Downloading platformdirs-4.12.3-py3-none-any.whl (32 kB)
Downloading prompt_toolkit-3.0.53-py3-none-any.whl (392 kB)
   ━━━━━━━━━━━━━━━━━━━━━━━━━━━━━━━━━━━━━━━━ 392.3/392.3 kB 19.8 MB/s eta 0:00:00
Downloading psutil-7.2.2-cp36-abi3-manylinux2010_x86_64.manylinux_2_12_x86_64.manylinux_2_28_x86_64.whl (155 kB)
   ━━━━━━━━━━━━━━━━━━━━━━━━━━━━━━━━━━━━━━━━ 155.6/155.6 kB 10.1 MB/s eta 0:00:00
Downloading referencing-0.37.0-py3-none-any.whl (26 kB)
Downloading rpds_py-2026.9.1-cp312-cp312-manylinux_2_17_x86_64.manylinux2014_x86_64.whl (371 kB)
   ━━━━━━━━━━━━━━━━━━━━━━━━━━━━━━━━━━━━━━━━ 371.3/371.3 kB 16.7 MB/s eta 0:00:00
Downloading stack_data-0.6.3-py3-none-any.whl (24 kB)
Downloading typing_inspection-0.4.4-py3-none-any.whl (14 kB)
Downloading urllib3-2.8.0-py3-none-any.whl (135 kB)
   ━━━━━━━━━━━━━━━━━━━━━━━━━━━━━━━━━━━━━━━━ 135.7/135.7 kB 8.6 MB/s eta 0:00:00
Downloading zipp-4.1.1-py3-none-any.whl (10 kB)
Downloading asttokens-3.0.2-py3-none-any.whl (28 kB)
Downloading executing-2.2.1-py2.py3-none-any.whl (28 kB)
Downloading parso-0.8.7-py2.py3-none-any.whl (107 kB)
   ━━━━━━━━━━━━━━━━━━━━━━━━━━━━━━━━━━━━━━━━ 107.0/107.0 kB 5.1 MB/s eta 0:00:00
Downloading ptyprocess-0.7.0-py2.py3-none-any.whl (13 kB)
Downloading wcwidth-0.9.2-cp310-abi3-manylinux2014_x86_64.manylinux_2_17_x86_64.whl (769 kB)
   ━━━━━━━━━━━━━━━━━━━━━━━━━━━━━━━━━━━━━━━━ 769.8/769.8 kB 21.6 MB/s eta 0:00:00
Downloading pure_eval-0.2.4-py3-none-any.whl (11 kB)
Installing collected packages: PyQt5-Qt5, pure-eval, ptyprocess, zipp, widgetsnbextension, wcwidth, urllib3, typing_extensions, traitlets, tqdm, six, setuptools, rpds-py, retrying, PyQt5-sip, pyparsing, pygments, psutil, pluggy, platformdirs, pillow, pexpect, parso, packaging, numpy, nest-asyncio, natsort, narwhals, markupsafe, kiwisolver, jupyterlab_widgets, janus, itsdangerous, iniconfig, idna, fonttools, fastjsonschema, executing, cycler, configargparse, comm, colorama, click, charset_normalizer, certifi, blinker, attrs, asttokens, annotated-types, werkzeug, typing-inspection, stack_data, scipy, requests, referencing, python-dateutil, pytest, pyqtgraph, PyQt5, pydantic-core, prompt_toolkit, plotly, opencv-python, matplotlib-inline, jupyter-core, jinja2, jedi, ipython-pygments-lexers, importlib-metadata, contourpy, pydantic, matplotlib, jsonschema-specifications, ipython, flask, jsonschema, ipywidgets, dash, nbformat, open3d
Successfully installed PyQt5-5.15.11 PyQt5-Qt5-5.15.19 PyQt5-sip-12.20.0 annotated-types-0.8.0 asttokens-3.0.2 attrs-26.1.0 blinker-1.9.0 certifi-2026.7.22 charset_normalizer-3.5.2 click-8.5.0 colorama-0.4.6 comm-0.2.3 configargparse-1.8.0 contourpy-1.4.0 cycler-0.12.1 dash-4.4.1 executing-2.2.1 fastjsonschema-2.22.2 flask-3.1.3 fonttools-4.66.1 idna-3.20 importlib-metadata-9.0.1 iniconfig-2.3.1 ipython-9.17.1 ipython-pygments-lexers-1.1.1 ipywidgets-8.1.9 itsdangerous-2.2.0 janus-2.0.0 jedi-0.20.0 jinja2-3.1.6 jsonschema-4.26.0 jsonschema-specifications-2025.9.1 jupyter-core-5.9.1 jupyterlab_widgets-3.0.17 kiwisolver-1.5.1 markupsafe-3.0.4 matplotlib-3.11.2 matplotlib-inline-0.2.2 narwhals-2.26.0 natsort-8.4.0 nbformat-5.11.1 nest-asyncio-1.6.0 numpy-2.5.3 open3d-0.20.0 opencv-python-5.0.0.93 packaging-26.3 parso-0.8.7 pexpect-4.9.0 pillow-12.3.0 platformdirs-4.12.3 plotly-7.1.0 pluggy-1.6.0 prompt_toolkit-3.0.53 psutil-7.2.2 ptyprocess-0.7.0 pure-eval-0.2.4 pydantic-2.13.5 pydantic-core-2.46.5 pygments-2.21.0 pyparsing-3.3.3 pyqtgraph-0.14.0 pytest-9.1.1 python-dateutil-2.9.0.post0 referencing-0.37.0 requests-2.34.2 retrying-1.4.2 rpds-py-2026.9.1 scipy-1.18.1 setuptools-84.0.0 six-1.17.0 stack_data-0.6.3 tqdm-4.70.1 traitlets-5.16.1 typing-inspection-0.4.4 typing_extensions-4.16.0 urllib3-2.8.0 wcwidth-0.9.2 werkzeug-3.1.9 widgetsnbextension-4.0.16 zipp-4.1.1
